---
source: crates/felidae-types/src/transaction.rs
expression: "serde_json::to_string(&tx).unwrap()"
---
{"chain_id":"test-chain","actions":[{"reconfigure":{"version":1,"admins":{"voting":{"total":3,"quorum":2,"timeout":"30s","delay":"5s"},"authorized":["00000000000000000000000000000000000000000000000000000000000000000000000000000000000000000000000000000000000000000000000000000000"]},"oracles":{"enabled":true,"voting":{"total":5,"quorum":3,"timeout":"1m","delay":"10s"},"max_enrolled_subdomains":100,"observation_timeout":"2m","authorized":["01010101010101010101010101010101010101010101010101010101010101010101010101010101010101010101010101010101010101010101010101010101"]},"onion":{"enabled":false},"not_before":"2022-04-15T05:20:00Z","not_after":"2022-08-08T23:06:40Z","admin":"00000000000000000000000000000000000000000000000000000000000000000000000000000000000000000000000000000000000000000000000000000000"}}]}
