---
source: crates/felidae-types/src/transaction.rs
expression: "serde_json::to_string(&observe).unwrap()"
---
{"domain":"example.com.","zone":"com.","block_height":"0","app_hash":"0000000000000000000000000000000000000000000000000000000000000000","hash_observed":"0000000000000000000000000000000000000000000000000000000000000000","oracle":"00000000000000000000000000000000000000000000000000000000000000000000000000000000000000000000000000000000000000000000000000000000"}
